// Jest Snapshot v1, https://goo.gl/fbAQLP

exports[`EditResourceDefinitionsModal should render edit resource definitions modal 1`] = `
Array [
  <Modal
    actions={
      Array [
        <Button
          onClick={[Function]}
          ouiaId="primary-exit-button"
          variant="primary"
        >
          Exit
        </Button>,
        <Button
          onClick={[Function]}
          ouiaId="secondary-cancel-button"
          variant="link"
        >
          Stay
        </Button>,
      ]
    }
    appendTo={[Function]}
    aria-describedby=""
    aria-label=""
    aria-labelledby=""
    className="rbac ins-c-wizard__cancel-warning"
    hasNoBodyWrapper={false}
    isOpen={false}
    onClose={[Function]}
    ouiaSafe={true}
    showClose={true}
    title={
      <span
        className="ins-c-wizard__cancel-warning-header"
      >
        <ExclamationTriangleIcon
          className="ins-c-wizard__cancel-warning-header--icon"
          color="currentColor"
          noVerticalAlign={false}
          size="md"
        />
        Exit edit resource definitions?
      </span>
    }
    titleIconVariant={null}
    titleLabel=""
    variant="small"
  >
    <Portal
      containerInfo={
        <div
          aria-hidden="true"
        />
      }
    >
      <ModalContent
        actions={
          Array [
            <Button
              onClick={[Function]}
              ouiaId="primary-exit-button"
              variant="primary"
            >
              Exit
            </Button>,
            <Button
              onClick={[Function]}
              ouiaId="secondary-cancel-button"
              variant="link"
            >
              Stay
            </Button>,
          ]
        }
        aria-describedby=""
        aria-label=""
        aria-labelledby=""
        boxId="pf-modal-part-0"
        className="rbac ins-c-wizard__cancel-warning"
        descriptorId="pf-modal-part-2"
        hasNoBodyWrapper={false}
        isOpen={false}
        labelId="pf-modal-part-1"
        onClose={[Function]}
        ouiaId="OUIA-Generated-Modal-small-1"
        ouiaSafe={true}
        showClose={true}
        title={
          <span
            className="ins-c-wizard__cancel-warning-header"
          >
            <ExclamationTriangleIcon
              className="ins-c-wizard__cancel-warning-header--icon"
              color="currentColor"
              noVerticalAlign={false}
              size="md"
            />
            Exit edit resource definitions?
          </span>
        }
        titleIconVariant={null}
        titleLabel=""
        variant="small"
      />
    </Portal>
  </Modal>,
  <Modal
    actions={Array []}
    appendTo={[Function]}
    aria-describedby=""
    aria-label=""
    aria-labelledby=""
    className=""
    description="Give or remove permissions to specific resources using the arrows below."
    footer={
      <CustomButtons
        cancelLabel="Cancel"
        saveLabel="Save"
      />
    }
    hasNoBodyWrapper={false}
    isOpen={true}
    onClose={[Function]}
    ouiaSafe={true}
    showClose={true}
    title="Edit resource definitions"
    titleIconVariant={null}
    titleLabel=""
    variant="large"
  >
    <Portal
      containerInfo={
        <div>
          <div
            class="pf-c-backdrop"
          >
            <div
              class="pf-l-bullseye"
            >
              <div
                aria-describedby="pf-modal-part-4"
                aria-labelledby="pf-modal-part-3"
                aria-modal="true"
                class="pf-c-modal-box pf-m-lg"
                data-ouia-component-id="OUIA-Generated-Modal-large-2"
                data-ouia-component-type="PF4/ModalContent"
                data-ouia-safe="true"
                id="pf-modal-part-2"
                role="dialog"
              >
                <button
                  aria-disabled="false"
                  aria-label="Close"
                  class="pf-c-button pf-m-plain"
                  data-ouia-component-id="OUIA-Generated-Button-plain-1"
                  data-ouia-component-type="PF4/Button"
                  data-ouia-safe="true"
                  type="button"
                >
                  <svg
                    aria-hidden="true"
                    fill="currentColor"
                    height="1em"
                    role="img"
                    style="vertical-align: -0.125em;"
                    viewBox="0 0 352 512"
                    width="1em"
                  >
                    <path
                      d="M242.72 256l100.07-100.07c12.28-12.28 12.28-32.19 0-44.48l-22.24-22.24c-12.28-12.28-32.19-12.28-44.48 0L176 189.28 75.93 89.21c-12.28-12.28-32.19-12.28-44.48 0L9.21 111.45c-12.28 12.28-12.28 32.19 0 44.48L109.28 256 9.21 356.07c-12.28 12.28-12.28 32.19 0 44.48l22.24 22.24c12.28 12.28 32.2 12.28 44.48 0L176 322.72l100.07 100.07c12.28 12.28 32.2 12.28 44.48 0l22.24-22.24c12.28-12.28 12.28-32.19 0-44.48L242.72 256z"
                    />
                  </svg>
                </button>
                <header
                  class="pf-c-modal-box__header"
                >
                  <h1
                    class="pf-c-modal-box__title"
                    id="pf-modal-part-3"
                  >
                    
                    <span
                      class="pf-c-modal-box__title-text"
                    >
                      Edit resource definitions
                    </span>
                  </h1>
                  <div
                    class="pf-c-modal-box__description"
                    id="pf-modal-part-4"
                  >
                    Give or remove permissions to specific resources using the arrows below.
                  </div>
                </header>
                <div
                  class="pf-c-modal-box__body"
                >
                  <form
                    class="pf-c-form"
                    id="modal-form"
                    novalidate=""
                  >
                    <div
                      class="pf-c-form__group"
                    >
                      <div
                        class="pf-c-form__group-control"
                      >
                        <div
                          class="pf-c-dual-list-selector"
                          filteroptionstitle="Filter by resource..."
                          filtervaluetitle="Filter by resource..."
                          id="dual-list-select"
                          lefttitle="Resources available for the permission"
                          righttitle="Resources defined for the permission"
                        >
                          <div
                            class="pf-c-dual-list-selector__pane pf-m-available"
                          >
                            <div
                              class="pf-c-dual-list-selector__header"
                            >
                              <div
                                class="pf-c-dual-list-selector__title"
                              >
                                <div
                                  class="pf-c-dual-list-selector__title-text"
                                >
                                  Available options
                                </div>
                              </div>
                            </div>
                            <div
                              class="pf-c-dual-list-selector__status"
                            >
                              <div
                                class="pf-c-dual-list-selector__status-text"
                                id="dual-list-select-available-pane-status"
                              >
                                0 of 0 items selected
                              </div>
                            </div>
                            <div
                              class="pf-c-dual-list-selector__menu"
                              tabindex="0"
                            >
                              <ul
                                aria-labelledby="dual-list-select-available-pane-status"
                                aria-multiselectable="true"
                                class="pf-c-dual-list-selector__list"
                                role="listbox"
                              />
                            </div>
                          </div>
                          <div
                            aria-label="Selector controls"
                            class="pf-c-dual-list-selector__controls"
                            tabindex="0"
                          >
                            <div
                              class="pf-c-dual-list-selector__controls-item"
                            >
                              <button
                                aria-disabled="true"
                                aria-label="Add all"
                                class="pf-c-button pf-m-plain pf-m-disabled"
                                data-ouia-component-id="OUIA-Generated-Button-plain-2"
                                data-ouia-component-type="PF4/Button"
                                data-ouia-safe="true"
                                disabled=""
                                tabindex="-1"
                                type="button"
                              >
                                <svg
                                  aria-hidden="true"
                                  fill="currentColor"
                                  height="1em"
                                  role="img"
                                  style="vertical-align: -0.125em;"
                                  viewBox="0 0 448 512"
                                  width="1em"
                                >
                                  <path
                                    d="M224.3 273l-136 136c-9.4 9.4-24.6 9.4-33.9 0l-22.6-22.6c-9.4-9.4-9.4-24.6 0-33.9l96.4-96.4-96.4-96.4c-9.4-9.4-9.4-24.6 0-33.9L54.3 103c9.4-9.4 24.6-9.4 33.9 0l136 136c9.5 9.4 9.5 24.6.1 34zm192-34l-136-136c-9.4-9.4-24.6-9.4-33.9 0l-22.6 22.6c-9.4 9.4-9.4 24.6 0 33.9l96.4 96.4-96.4 96.4c-9.4 9.4-9.4 24.6 0 33.9l22.6 22.6c9.4 9.4 24.6 9.4 33.9 0l136-136c9.4-9.2 9.4-24.4 0-33.8z"
                                  />
                                </svg>
                              </button>
                            </div>
                            <div
                              class="pf-c-dual-list-selector__controls-item"
                            >
                              <button
                                aria-disabled="true"
                                aria-label="Add selected"
                                class="pf-c-button pf-m-plain pf-m-disabled"
                                data-ouia-component-id="OUIA-Generated-Button-plain-3"
                                data-ouia-component-type="PF4/Button"
                                data-ouia-safe="true"
                                disabled=""
                                tabindex="-1"
                                type="button"
                              >
                                <svg
                                  aria-hidden="true"
                                  fill="currentColor"
                                  height="1em"
                                  role="img"
                                  style="vertical-align: -0.125em;"
                                  viewBox="0 0 256 512"
                                  width="1em"
                                >
                                  <path
                                    d="M224.3 273l-136 136c-9.4 9.4-24.6 9.4-33.9 0l-22.6-22.6c-9.4-9.4-9.4-24.6 0-33.9l96.4-96.4-96.4-96.4c-9.4-9.4-9.4-24.6 0-33.9L54.3 103c9.4-9.4 24.6-9.4 33.9 0l136 136c9.5 9.4 9.5 24.6.1 34z"
                                  />
                                </svg>
                              </button>
                            </div>
                            <div
                              class="pf-c-dual-list-selector__controls-item"
                            >
                              <button
                                aria-disabled="true"
                                aria-label="Remove selected"
                                class="pf-c-button pf-m-plain pf-m-disabled"
                                data-ouia-component-id="OUIA-Generated-Button-plain-4"
                                data-ouia-component-type="PF4/Button"
                                data-ouia-safe="true"
                                disabled=""
                                tabindex="-1"
                                type="button"
                              >
                                <svg
                                  aria-hidden="true"
                                  fill="currentColor"
                                  height="1em"
                                  role="img"
                                  style="vertical-align: -0.125em;"
                                  viewBox="0 0 256 512"
                                  width="1em"
                                >
                                  <path
                                    d="M31.7 239l136-136c9.4-9.4 24.6-9.4 33.9 0l22.6 22.6c9.4 9.4 9.4 24.6 0 33.9L127.9 256l96.4 96.4c9.4 9.4 9.4 24.6 0 33.9L201.7 409c-9.4 9.4-24.6 9.4-33.9 0l-136-136c-9.5-9.4-9.5-24.6-.1-34z"
                                  />
                                </svg>
                              </button>
                            </div>
                            <div
                              class="pf-c-dual-list-selector__controls-item"
                            >
                              <button
                                aria-disabled="true"
                                aria-label="Remove all"
                                class="pf-c-button pf-m-plain pf-m-disabled"
                                data-ouia-component-id="OUIA-Generated-Button-plain-5"
                                data-ouia-component-type="PF4/Button"
                                data-ouia-safe="true"
                                disabled=""
                                tabindex="-1"
                                type="button"
                              >
                                <svg
                                  aria-hidden="true"
                                  fill="currentColor"
                                  height="1em"
                                  role="img"
                                  style="vertical-align: -0.125em;"
                                  viewBox="0 0 448 512"
                                  width="1em"
                                >
                                  <path
                                    d="M223.7 239l136-136c9.4-9.4 24.6-9.4 33.9 0l22.6 22.6c9.4 9.4 9.4 24.6 0 33.9L319.9 256l96.4 96.4c9.4 9.4 9.4 24.6 0 33.9L393.7 409c-9.4 9.4-24.6 9.4-33.9 0l-136-136c-9.5-9.4-9.5-24.6-.1-34zm-192 34l136 136c9.4 9.4 24.6 9.4 33.9 0l22.6-22.6c9.4-9.4 9.4-24.6 0-33.9L127.9 256l96.4-96.4c9.4-9.4 9.4-24.6 0-33.9L201.7 103c-9.4-9.4-24.6-9.4-33.9 0l-136 136c-9.5 9.4-9.5 24.6-.1 34z"
                                  />
                                </svg>
                              </button>
                            </div>
                          </div>
                          <div
                            class="pf-c-dual-list-selector__pane pf-m-chosen"
                          >
                            <div
                              class="pf-c-dual-list-selector__header"
                            >
                              <div
                                class="pf-c-dual-list-selector__title"
                              >
                                <div
                                  class="pf-c-dual-list-selector__title-text"
                                >
                                  Chosen options
                                </div>
                              </div>
                            </div>
                            <div
                              class="pf-c-dual-list-selector__status"
                            >
                              <div
                                class="pf-c-dual-list-selector__status-text"
                                id="dual-list-select-chosen-pane-status"
                              >
                                0 of 0 items selected
                              </div>
                            </div>
                            <div
                              class="pf-c-dual-list-selector__menu"
                              tabindex="0"
                            >
                              <ul
                                aria-labelledby="dual-list-select-chosen-pane-status"
                                aria-multiselectable="true"
                                class="pf-c-dual-list-selector__list"
                                role="listbox"
                              />
                            </div>
                          </div>
                        </div>
                        
                      </div>
                    </div>
                  </form>
                </div>
                <footer
                  class="pf-c-modal-box__footer"
                >
                  <div
                    class="pf-c-form"
                  >
                    <div
                      class="pf-c-form__group pf-m-action pf-u-mt-0"
                    >
                      <div
                        class="pf-c-form__group-control"
                      >
                        <div
                          class="pf-c-form__actions"
                        >
                          <button
                            aria-disabled="true"
                            class="pf-c-button pf-m-primary pf-m-disabled"
                            data-ouia-component-id="primary-save-button"
                            data-ouia-component-type="PF4/Button"
                            data-ouia-safe="true"
                            disabled=""
                            form="modal-form"
                            type="submit"
                          >
                            Save
                          </button>
                          <button
                            aria-disabled="false"
                            class="pf-c-button pf-m-link"
                            data-ouia-component-id="secondary-cancel-button"
                            data-ouia-component-type="PF4/Button"
                            data-ouia-safe="true"
                            id="cancel-modal"
                            type="button"
                          >
                            Cancel
                          </button>
                        </div>
                      </div>
                    </div>
                  </div>
                </footer>
              </div>
            </div>
          </div>
        </div>
      }
    >
      <ModalContent
        actions={Array []}
        aria-describedby=""
        aria-label=""
        aria-labelledby=""
        boxId="pf-modal-part-2"
        className=""
        description="Give or remove permissions to specific resources using the arrows below."
        descriptorId="pf-modal-part-4"
        footer={
          <CustomButtons
            cancelLabel="Cancel"
            saveLabel="Save"
          />
        }
        hasNoBodyWrapper={false}
        isOpen={true}
        labelId="pf-modal-part-3"
        onClose={[Function]}
        ouiaId="OUIA-Generated-Modal-large-2"
        ouiaSafe={true}
        showClose={true}
        title="Edit resource definitions"
        titleIconVariant={null}
        titleLabel=""
        variant="large"
      >
        <Backdrop>
          <div
            className="pf-c-backdrop"
          >
            <FocusTrap
              active={true}
              className="pf-l-bullseye"
              focusTrapOptions={
                Object {
                  "clickOutsideDeactivates": true,
                }
              }
              paused={false}
              preventScrollOnDeactivate={false}
            >
              <div
                className="pf-l-bullseye"
              >
                <ModalBox
                  aria-describedby="pf-modal-part-4"
                  aria-label=""
                  aria-labelledby="pf-modal-part-3"
                  className=""
                  data-ouia-component-id="OUIA-Generated-Modal-large-2"
                  data-ouia-component-type="PF4/ModalContent"
                  data-ouia-safe={true}
                  id="pf-modal-part-2"
                  style={Object {}}
                  variant="large"
                >
                  <div
                    aria-describedby="pf-modal-part-4"
                    aria-label={null}
                    aria-labelledby="pf-modal-part-3"
                    aria-modal="true"
                    className="pf-c-modal-box pf-m-lg"
                    data-ouia-component-id="OUIA-Generated-Modal-large-2"
                    data-ouia-component-type="PF4/ModalContent"
                    data-ouia-safe={true}
                    id="pf-modal-part-2"
                    role="dialog"
                    style={Object {}}
                  >
                    <ModalBoxCloseButton
                      onClose={[Function]}
                    >
                      <Button
                        aria-label="Close"
                        className=""
                        onClick={[Function]}
                        variant="plain"
                      >
                        <button
                          aria-disabled={false}
                          aria-label="Close"
                          className="pf-c-button pf-m-plain"
                          data-ouia-component-id="OUIA-Generated-Button-plain-1"
                          data-ouia-component-type="PF4/Button"
                          data-ouia-safe={true}
                          disabled={false}
                          onClick={[Function]}
                          role={null}
                          type="button"
                        >
                          <TimesIcon
                            color="currentColor"
                            noVerticalAlign={false}
                            size="sm"
                          >
                            <svg
                              aria-hidden={true}
                              aria-labelledby={null}
                              fill="currentColor"
                              height="1em"
                              role="img"
                              style={
                                Object {
                                  "verticalAlign": "-0.125em",
                                }
                              }
                              viewBox="0 0 352 512"
                              width="1em"
                            >
                              <path
                                d="M242.72 256l100.07-100.07c12.28-12.28 12.28-32.19 0-44.48l-22.24-22.24c-12.28-12.28-32.19-12.28-44.48 0L176 189.28 75.93 89.21c-12.28-12.28-32.19-12.28-44.48 0L9.21 111.45c-12.28 12.28-12.28 32.19 0 44.48L109.28 256 9.21 356.07c-12.28 12.28-12.28 32.19 0 44.48l22.24 22.24c12.28 12.28 32.2 12.28 44.48 0L176 322.72l100.07 100.07c12.28 12.28 32.2 12.28 44.48 0l22.24-22.24c12.28-12.28 12.28-32.19 0-44.48L242.72 256z"
                              />
                            </svg>
                          </TimesIcon>
                        </button>
                      </Button>
                    </ModalBoxCloseButton>
                    <ModalBoxHeader
                      help={null}
                    >
                      <header
                        className="pf-c-modal-box__header"
                      >
                        <ModalBoxTitle
                          id="pf-modal-part-3"
                          title="Edit resource definitions"
                          titleIconVariant={null}
                          titleLabel=""
                        >
                          <h1
                            className="pf-c-modal-box__title"
                            id="pf-modal-part-3"
                          >
                            <span
                              className="pf-c-modal-box__title-text"
                            >
                              Edit resource definitions
                            </span>
                          </h1>
                        </ModalBoxTitle>
                        <ModalBoxDescription
                          id="pf-modal-part-4"
                        >
                          <div
                            className="pf-c-modal-box__description"
                            id="pf-modal-part-4"
                          >
                            Give or remove permissions to specific resources using the arrows below.
                          </div>
                        </ModalBoxDescription>
                      </header>
                    </ModalBoxHeader>
                    <ModalBoxBody>
                      <div
                        className="pf-c-modal-box__body"
                      >
                        <PF4FormTemplate
                          FormWrapper={[Function]}
                          formFields={
                            Array [
                              <SingleField
                                component="dual-list-select"
                                filterOptionsTitle="Filter by resource..."
                                filterValueTitle="Filter by resource..."
                                leftTitle="Resources available for the permission"
                                name="dual-list-select"
                                options={Array []}
                                rightTitle="Resources defined for the permission"
                                validate={
                                  Array [
                                    Object {
                                      "type": "validate-resources",
                                    },
                                  ]
                                }
                              />,
                            ]
                          }
                          schema={
                            Object {
                              "fields": Array [
                                Object {
                                  "component": "dual-list-select",
                                  "filterOptionsTitle": "Filter by resource...",
                                  "filterValueTitle": "Filter by resource...",
                                  "leftTitle": "Resources available for the permission",
                                  "name": "dual-list-select",
                                  "options": Array [],
                                  "rightTitle": "Resources defined for the permission",
                                  "validate": Array [
                                    Object {
                                      "type": "validate-resources",
                                    },
                                  ],
                                },
                              ],
                            }
                          }
                          showFormControls={false}
                        >
                          <FormTemplate
                            Button={[Function]}
                            ButtonGroup={[Function]}
                            Description={[Function]}
                            FormWrapper={[Function]}
                            Header={Symbol(react.fragment)}
                            Title={[Function]}
                            disableSubmit={Array []}
                            formFields={
                              Array [
                                <SingleField
                                  component="dual-list-select"
                                  filterOptionsTitle="Filter by resource..."
                                  filterValueTitle="Filter by resource..."
                                  leftTitle="Resources available for the permission"
                                  name="dual-list-select"
                                  options={Array []}
                                  rightTitle="Resources defined for the permission"
                                  validate={
                                    Array [
                                      Object {
                                        "type": "validate-resources",
                                      },
                                    ]
                                  }
                                />,
                              ]
                            }
                            schema={
                              Object {
                                "fields": Array [
                                  Object {
                                    "component": "dual-list-select",
                                    "filterOptionsTitle": "Filter by resource...",
                                    "filterValueTitle": "Filter by resource...",
                                    "leftTitle": "Resources available for the permission",
                                    "name": "dual-list-select",
                                    "options": Array [],
                                    "rightTitle": "Resources defined for the permission",
                                    "validate": Array [
                                      Object {
                                        "type": "validate-resources",
                                      },
                                    ],
                                  },
                                ],
                              }
                            }
                            showFormControls={false}
                          >
                            <CustomFormWrapper
                              onSubmit={[Function]}
                            >
                              <Form
                                id="modal-form"
                                onSubmit={[Function]}
                              >
                                <form
                                  className="pf-c-form"
                                  id="modal-form"
                                  noValidate={true}
                                  onSubmit={[Function]}
                                >
                                  <SingleField
                                    component="dual-list-select"
                                    filterOptionsTitle="Filter by resource..."
                                    filterValueTitle="Filter by resource..."
                                    key="dual-list-select"
                                    leftTitle="Resources available for the permission"
                                    name="dual-list-select"
                                    options={Array []}
                                    rightTitle="Resources defined for the permission"
                                    validate={
                                      Array [
                                        Object {
                                          "type": "validate-resources",
                                        },
                                      ]
                                    }
                                  >
                                    <FormConditionWrapper
                                      field={
                                        Object {
                                          "component": "dual-list-select",
                                          "filterOptionsTitle": "Filter by resource...",
                                          "filterValueTitle": "Filter by resource...",
                                          "leftTitle": "Resources available for the permission",
                                          "name": "dual-list-select",
                                          "options": Array [],
                                          "rightTitle": "Resources defined for the permission",
                                          "validate": Array [
                                            Object {
                                              "type": "validate-resources",
                                            },
                                          ],
                                        }
                                      }
                                    >
                                      <FormFieldHideWrapper
                                        hideField={false}
                                      >
                                        <DualListWrapper
                                          component="dual-list-select"
                                          filterOptionsTitle="Filter by resource..."
                                          filterValueTitle="Filter by resource..."
                                          leftTitle="Resources available for the permission"
                                          name="dual-list-select"
                                          options={Array []}
                                          rightTitle="Resources defined for the permission"
                                          validate={
                                            Array [
                                              Object {
                                                "type": "validate-resources",
                                              },
                                            ]
                                          }
                                        >
                                          <DualList
                                            component="dual-list-select"
                                            filterOptionsTitle="Filter by resource..."
                                            filterValueTitle="Filter by resource..."
                                            leftTitle="Resources available for the permission"
                                            name="dual-list-select"
                                            options={Array []}
                                            rightTitle="Resources defined for the permission"
                                            validate={
                                              Array [
                                                Object {
                                                  "type": "validate-resources",
                                                },
                                              ]
                                            }
                                          >
                                            <FormGroup
                                              id="dual-list-select"
                                              meta={
                                                Object {
                                                  "active": false,
                                                  "data": Object {},
                                                  "dirty": false,
                                                  "dirtySinceLastSubmit": false,
                                                  "error": undefined,
                                                  "initial": Array [
                                                    "test",
                                                    "test",
                                                    "test",
                                                    "test",
                                                    "test",
                                                    "test",
                                                    "test",
                                                    "test",
                                                    "test",
                                                    "test",
                                                    "test",
                                                    "test",
                                                    "test",
                                                    "test",
                                                    "test",
                                                    "test",
                                                    "test",
                                                    "test",
                                                    "test",
                                                    "test",
                                                    "test",
                                                  ],
                                                  "invalid": false,
                                                  "length": 21,
                                                  "modified": false,
                                                  "modifiedSinceLastSubmit": false,
                                                  "pristine": true,
                                                  "submitError": undefined,
                                                  "submitFailed": false,
                                                  "submitSucceeded": false,
                                                  "submitting": false,
                                                  "touched": false,
                                                  "valid": true,
                                                  "validating": false,
                                                  "visited": false,
                                                }
                                              }
                                            >
                                              <FormGroup
                                                fieldId="dual-list-select"
                                                validated="default"
                                              >
                                                <div
                                                  className="pf-c-form__group"
                                                >
                                                  <div
                                                    className="pf-c-form__group-control"
                                                  >
                                                    <DualListSelector
                                                      addAllAriaLabel="Add all"
                                                      addSelectedAriaLabel="Add selected"
                                                      availableOptions={Array []}
                                                      availableOptionsSearchAriaLabel="Available search input"
                                                      availableOptionsTitle="Available options"
                                                      chosenOptions={Array []}
                                                      chosenOptionsSearchAriaLabel="Chosen search input"
                                                      chosenOptionsTitle="Chosen options"
                                                      controlsAriaLabel="Selector controls"
                                                      filterOptionsTitle="Filter by resource..."
                                                      filterValueTitle="Filter by resource..."
                                                      id="dual-list-select"
                                                      leftTitle="Resources available for the permission"
                                                      onListChange={[Function]}
                                                      removeAllAriaLabel="Remove all"
                                                      removeSelectedAriaLabel="Remove selected"
                                                      rightTitle="Resources defined for the permission"
                                                    >
                                                      <div
                                                        className="pf-c-dual-list-selector"
                                                        filterOptionsTitle="Filter by resource..."
                                                        filterValueTitle="Filter by resource..."
                                                        id="dual-list-select"
                                                        leftTitle="Resources available for the permission"
                                                        rightTitle="Resources defined for the permission"
                                                      >
                                                        <DualListSelectorPane
                                                          id="dual-list-select-available-pane"
                                                          isChosen={false}
                                                          isSearchable={false}
                                                          onOptionCheck={[Function]}
                                                          onOptionSelect={[Function]}
                                                          options={Array []}
                                                          searchInputAriaLabel="Available search input"
                                                          selectedOptions={Array []}
                                                          status="0 of 0 items selected"
                                                          title="Available options"
                                                        >
                                                          <div
                                                            className="pf-c-dual-list-selector__pane pf-m-available"
                                                          >
                                                            <div
                                                              className="pf-c-dual-list-selector__header"
                                                            >
                                                              <div
                                                                className="pf-c-dual-list-selector__title"
                                                              >
                                                                <div
                                                                  className="pf-c-dual-list-selector__title-text"
                                                                >
                                                                  Available options
                                                                </div>
                                                              </div>
                                                            </div>
                                                            <div
                                                              className="pf-c-dual-list-selector__status"
                                                            >
                                                              <div
                                                                className="pf-c-dual-list-selector__status-text"
                                                                id="dual-list-select-available-pane-status"
                                                              >
                                                                0 of 0 items selected
                                                              </div>
                                                            </div>
                                                            <div
                                                              className="pf-c-dual-list-selector__menu"
                                                              tabIndex={0}
                                                            >
                                                              <ul
                                                                aria-activedescendant={null}
                                                                aria-labelledby="dual-list-select-available-pane-status"
                                                                aria-multiselectable="true"
                                                                className="pf-c-dual-list-selector__list"
                                                                role="listbox"
                                                              />
                                                            </div>
                                                          </div>
                                                        </DualListSelectorPane>
                                                        <div
                                                          aria-label="Selector controls"
                                                          className="pf-c-dual-list-selector__controls"
                                                          tabIndex={0}
                                                        >
                                                          <div
                                                            className="pf-c-dual-list-selector__controls-item"
                                                          >
                                                            <Button
                                                              aria-disabled={true}
                                                              aria-label="Add all"
                                                              isDisabled={true}
                                                              onClick={[Function]}
                                                              tabIndex={-1}
                                                              variant="plain"
                                                            >
                                                              <button
                                                                aria-disabled={true}
                                                                aria-label="Add all"
                                                                className="pf-c-button pf-m-plain pf-m-disabled"
                                                                data-ouia-component-id="OUIA-Generated-Button-plain-2"
                                                                data-ouia-component-type="PF4/Button"
                                                                data-ouia-safe={true}
                                                                disabled={true}
                                                                onClick={[Function]}
                                                                role={null}
                                                                tabIndex={-1}
                                                                type="button"
                                                              >
                                                                <AngleDoubleRightIcon
                                                                  color="currentColor"
                                                                  noVerticalAlign={false}
                                                                  size="sm"
                                                                >
                                                                  <svg
                                                                    aria-hidden={true}
                                                                    aria-labelledby={null}
                                                                    fill="currentColor"
                                                                    height="1em"
                                                                    role="img"
                                                                    style={
                                                                      Object {
                                                                        "verticalAlign": "-0.125em",
                                                                      }
                                                                    }
                                                                    viewBox="0 0 448 512"
                                                                    width="1em"
                                                                  >
                                                                    <path
                                                                      d="M224.3 273l-136 136c-9.4 9.4-24.6 9.4-33.9 0l-22.6-22.6c-9.4-9.4-9.4-24.6 0-33.9l96.4-96.4-96.4-96.4c-9.4-9.4-9.4-24.6 0-33.9L54.3 103c9.4-9.4 24.6-9.4 33.9 0l136 136c9.5 9.4 9.5 24.6.1 34zm192-34l-136-136c-9.4-9.4-24.6-9.4-33.9 0l-22.6 22.6c-9.4 9.4-9.4 24.6 0 33.9l96.4 96.4-96.4 96.4c-9.4 9.4-9.4 24.6 0 33.9l22.6 22.6c9.4 9.4 24.6 9.4 33.9 0l136-136c9.4-9.2 9.4-24.4 0-33.8z"
                                                                    />
                                                                  </svg>
                                                                </AngleDoubleRightIcon>
                                                              </button>
                                                            </Button>
                                                          </div>
                                                          <div
                                                            className="pf-c-dual-list-selector__controls-item"
                                                          >
                                                            <Button
                                                              aria-disabled={true}
                                                              aria-label="Add selected"
                                                              isDisabled={true}
                                                              onClick={[Function]}
                                                              tabIndex={-1}
                                                              variant="plain"
                                                            >
                                                              <button
                                                                aria-disabled={true}
                                                                aria-label="Add selected"
                                                                className="pf-c-button pf-m-plain pf-m-disabled"
                                                                data-ouia-component-id="OUIA-Generated-Button-plain-3"
                                                                data-ouia-component-type="PF4/Button"
                                                                data-ouia-safe={true}
                                                                disabled={true}
                                                                onClick={[Function]}
                                                                role={null}
                                                                tabIndex={-1}
                                                                type="button"
                                                              >
                                                                <AngleRightIcon
                                                                  color="currentColor"
                                                                  noVerticalAlign={false}
                                                                  size="sm"
                                                                >
                                                                  <svg
                                                                    aria-hidden={true}
                                                                    aria-labelledby={null}
                                                                    fill="currentColor"
                                                                    height="1em"
                                                                    role="img"
                                                                    style={
                                                                      Object {
                                                                        "verticalAlign": "-0.125em",
                                                                      }
                                                                    }
                                                                    viewBox="0 0 256 512"
                                                                    width="1em"
                                                                  >
                                                                    <path
                                                                      d="M224.3 273l-136 136c-9.4 9.4-24.6 9.4-33.9 0l-22.6-22.6c-9.4-9.4-9.4-24.6 0-33.9l96.4-96.4-96.4-96.4c-9.4-9.4-9.4-24.6 0-33.9L54.3 103c9.4-9.4 24.6-9.4 33.9 0l136 136c9.5 9.4 9.5 24.6.1 34z"
                                                                    />
                                                                  </svg>
                                                                </AngleRightIcon>
                                                              </button>
                                                            </Button>
                                                          </div>
                                                          <div
                                                            className="pf-c-dual-list-selector__controls-item"
                                                          >
                                                            <Button
                                                              aria-disabled={true}
                                                              aria-label="Remove selected"
                                                              isDisabled={true}
                                                              onClick={[Function]}
                                                              tabIndex={-1}
                                                              variant="plain"
                                                            >
                                                              <button
                                                                aria-disabled={true}
                                                                aria-label="Remove selected"
                                                                className="pf-c-button pf-m-plain pf-m-disabled"
                                                                data-ouia-component-id="OUIA-Generated-Button-plain-4"
                                                                data-ouia-component-type="PF4/Button"
                                                                data-ouia-safe={true}
                                                                disabled={true}
                                                                onClick={[Function]}
                                                                role={null}
                                                                tabIndex={-1}
                                                                type="button"
                                                              >
                                                                <AngleLeftIcon
                                                                  color="currentColor"
                                                                  noVerticalAlign={false}
                                                                  size="sm"
                                                                >
                                                                  <svg
                                                                    aria-hidden={true}
                                                                    aria-labelledby={null}
                                                                    fill="currentColor"
                                                                    height="1em"
                                                                    role="img"
                                                                    style={
                                                                      Object {
                                                                        "verticalAlign": "-0.125em",
                                                                      }
                                                                    }
                                                                    viewBox="0 0 256 512"
                                                                    width="1em"
                                                                  >
                                                                    <path
                                                                      d="M31.7 239l136-136c9.4-9.4 24.6-9.4 33.9 0l22.6 22.6c9.4 9.4 9.4 24.6 0 33.9L127.9 256l96.4 96.4c9.4 9.4 9.4 24.6 0 33.9L201.7 409c-9.4 9.4-24.6 9.4-33.9 0l-136-136c-9.5-9.4-9.5-24.6-.1-34z"
                                                                    />
                                                                  </svg>
                                                                </AngleLeftIcon>
                                                              </button>
                                                            </Button>
                                                          </div>
                                                          <div
                                                            className="pf-c-dual-list-selector__controls-item"
                                                          >
                                                            <Button
                                                              aria-disabled={true}
                                                              aria-label="Remove all"
                                                              isDisabled={true}
                                                              onClick={[Function]}
                                                              tabIndex={-1}
                                                              variant="plain"
                                                            >
                                                              <button
                                                                aria-disabled={true}
                                                                aria-label="Remove all"
                                                                className="pf-c-button pf-m-plain pf-m-disabled"
                                                                data-ouia-component-id="OUIA-Generated-Button-plain-5"
                                                                data-ouia-component-type="PF4/Button"
                                                                data-ouia-safe={true}
                                                                disabled={true}
                                                                onClick={[Function]}
                                                                role={null}
                                                                tabIndex={-1}
                                                                type="button"
                                                              >
                                                                <AngleDoubleLeftIcon
                                                                  color="currentColor"
                                                                  noVerticalAlign={false}
                                                                  size="sm"
                                                                >
                                                                  <svg
                                                                    aria-hidden={true}
                                                                    aria-labelledby={null}
                                                                    fill="currentColor"
                                                                    height="1em"
                                                                    role="img"
                                                                    style={
                                                                      Object {
                                                                        "verticalAlign": "-0.125em",
                                                                      }
                                                                    }
                                                                    viewBox="0 0 448 512"
                                                                    width="1em"
                                                                  >
                                                                    <path
                                                                      d="M223.7 239l136-136c9.4-9.4 24.6-9.4 33.9 0l22.6 22.6c9.4 9.4 9.4 24.6 0 33.9L319.9 256l96.4 96.4c9.4 9.4 9.4 24.6 0 33.9L393.7 409c-9.4 9.4-24.6 9.4-33.9 0l-136-136c-9.5-9.4-9.5-24.6-.1-34zm-192 34l136 136c9.4 9.4 24.6 9.4 33.9 0l22.6-22.6c9.4-9.4 9.4-24.6 0-33.9L127.9 256l96.4-96.4c9.4-9.4 9.4-24.6 0-33.9L201.7 103c-9.4-9.4-24.6-9.4-33.9 0l-136 136c-9.5 9.4-9.5 24.6-.1 34z"
                                                                    />
                                                                  </svg>
                                                                </AngleDoubleLeftIcon>
                                                              </button>
                                                            </Button>
                                                          </div>
                                                        </div>
                                                        <DualListSelectorPane
                                                          id="dual-list-select-chosen-pane"
                                                          isChosen={true}
                                                          isSearchable={false}
                                                          onOptionCheck={[Function]}
                                                          onOptionSelect={[Function]}
                                                          options={Array []}
                                                          searchInputAriaLabel="Chosen search input"
                                                          selectedOptions={Array []}
                                                          status="0 of 0 items selected"
                                                          title="Chosen options"
                                                        >
                                                          <div
                                                            className="pf-c-dual-list-selector__pane pf-m-chosen"
                                                          >
                                                            <div
                                                              className="pf-c-dual-list-selector__header"
                                                            >
                                                              <div
                                                                className="pf-c-dual-list-selector__title"
                                                              >
                                                                <div
                                                                  className="pf-c-dual-list-selector__title-text"
                                                                >
                                                                  Chosen options
                                                                </div>
                                                              </div>
                                                            </div>
                                                            <div
                                                              className="pf-c-dual-list-selector__status"
                                                            >
                                                              <div
                                                                className="pf-c-dual-list-selector__status-text"
                                                                id="dual-list-select-chosen-pane-status"
                                                              >
                                                                0 of 0 items selected
                                                              </div>
                                                            </div>
                                                            <div
                                                              className="pf-c-dual-list-selector__menu"
                                                              tabIndex={0}
                                                            >
                                                              <ul
                                                                aria-activedescendant={null}
                                                                aria-labelledby="dual-list-select-chosen-pane-status"
                                                                aria-multiselectable="true"
                                                                className="pf-c-dual-list-selector__list"
                                                                role="listbox"
                                                              />
                                                            </div>
                                                          </div>
                                                        </DualListSelectorPane>
                                                      </div>
                                                    </DualListSelector>
                                                  </div>
                                                </div>
                                              </FormGroup>
                                            </FormGroup>
                                          </DualList>
                                        </DualListWrapper>
                                      </FormFieldHideWrapper>
                                    </FormConditionWrapper>
                                  </SingleField>
                                </form>
                              </Form>
                            </CustomFormWrapper>
                          </FormTemplate>
                        </PF4FormTemplate>
                      </div>
                    </ModalBoxBody>
                    <ModalBoxFooter>
                      <footer
                        className="pf-c-modal-box__footer"
                      >
                        <CustomButtons
                          cancelLabel="Cancel"
                          saveLabel="Save"
                        >
                          <FormSpy>
                            <div
                              className="pf-c-form"
                            >
                              <ActionGroup
                                className="pf-u-mt-0"
                              >
                                <div
                                  className="pf-c-form__group pf-m-action pf-u-mt-0"
                                >
                                  <div
                                    className="pf-c-form__group-control"
                                  >
                                    <div
                                      className="pf-c-form__actions"
                                    >
                                      <Button
                                        form="modal-form"
                                        isDisabled={true}
                                        ouiaId="primary-save-button"
                                        type="submit"
                                        variant="primary"
                                      >
                                        <button
                                          aria-disabled={true}
                                          aria-label={null}
                                          className="pf-c-button pf-m-primary pf-m-disabled"
                                          data-ouia-component-id="primary-save-button"
                                          data-ouia-component-type="PF4/Button"
                                          data-ouia-safe={true}
                                          disabled={true}
                                          form="modal-form"
                                          role={null}
                                          tabIndex={null}
                                          type="submit"
                                        >
                                          Save
                                        </button>
                                      </Button>
                                      <Button
                                        id="cancel-modal"
                                        onClick={[Function]}
                                        ouiaId="secondary-cancel-button"
                                        variant="link"
                                      >
                                        <button
                                          aria-disabled={false}
                                          aria-label={null}
                                          className="pf-c-button pf-m-link"
                                          data-ouia-component-id="secondary-cancel-button"
                                          data-ouia-component-type="PF4/Button"
                                          data-ouia-safe={true}
                                          disabled={false}
                                          id="cancel-modal"
                                          onClick={[Function]}
                                          role={null}
                                          type="button"
                                        >
                                          Cancel
                                        </button>
                                      </Button>
                                    </div>
                                  </div>
                                </div>
                              </ActionGroup>
                            </div>
                          </FormSpy>
                        </CustomButtons>
                      </footer>
                    </ModalBoxFooter>
                  </div>
                </ModalBox>
              </div>
            </FocusTrap>
          </div>
        </Backdrop>
      </ModalContent>
    </Portal>
  </Modal>,
]
`;
