// Jest Snapshot v1, https://goo.gl/fbAQLP

exports[`role should render permissions table 1`] = `
<table
  aria-label="permissions table"
  className="pf-c-table pf-m-grid-md"
  data-ouia-component-id="role-permissions-table"
  data-ouia-component-type="PF4/Table"
  data-ouia-safe={true}
  role="grid"
>
  <TableHeader />
  <Component />
</table>
`;

exports[`role should render second page of table 1`] = `
<table
  aria-label="permissions table"
  className="pf-c-table pf-m-grid-md"
  data-ouia-component-id="role-permissions-table"
  data-ouia-component-type="PF4/Table"
  data-ouia-safe={true}
  role="grid"
>
  <TableHeader />
  <Component />
</table>
`;

exports[`role should render top toolbar 1`] = `
<TopToolbar
  breadcrumbs={
    Array [
      Object {
        "title": "Roles",
        "to": "/roles",
      },
      Object {
        "isActive": true,
        "title": "name",
      },
    ]
  }
  paddingBottom={false}
/>
`;
