// Jest Snapshot v1, https://goo.gl/fbAQLP

exports[`<EditGroupModal /> should render correctly 1`] = `
<ContextProvider
  value={
    Object {
      "store": Object {
        "clearActions": [Function],
        "dispatch": [Function],
        "getActions": [Function],
        "getState": [Function],
        "replaceReducer": [Function],
        "subscribe": [Function],
      },
      "subscription": Subscription {
        "handleChangeWrapper": [Function],
        "listeners": Object {
          "notify": [Function],
        },
        "onStateChange": [Function],
        "parentSub": undefined,
        "store": Object {
          "clearActions": [Function],
          "dispatch": [Function],
          "getActions": [Function],
          "getState": [Function],
          "replaceReducer": [Function],
          "subscribe": [Function],
        },
        "unsubscribe": null,
      },
    }
  }
>
  <Connect(EditGroupModal)
    cancelRoute="/groups"
    filters={Object {}}
    group={
      Object {
        "id": "1",
        "name": "Foo",
      }
    }
    pagination={
      Object {
        "itemCount": 0,
        "limit": 20,
        "offset": 0,
      }
    }
  />
</ContextProvider>
`;
