// Jest Snapshot v1, https://goo.gl/fbAQLP

exports[`<GroupServiceAccounts /> should render correctly 1`] = `
<body>
  <div>
    <section
      class="ins-l-content"
      id="tab-service-accounts"
    >
       
      <div
        aria-label="Info Alert"
        class="pf-c-alert pf-m-inline pf-m-plain pf-m-info rbac-service-accounts-alert"
        data-ouia-component-id="OUIA-Generated-Alert-info-1"
        data-ouia-component-type="PF4/Alert"
        data-ouia-safe="true"
      >
        <div
          class="pf-c-alert__icon"
        >
          <svg
            aria-hidden="true"
            fill="currentColor"
            height="1em"
            role="img"
            style="vertical-align: -0.125em;"
            viewBox="0 0 512 512"
            width="1em"
          >
            <path
              d="M256 8C119.043 8 8 119.083 8 256c0 136.997 111.043 248 248 248s248-111.003 248-248C504 119.083 392.957 8 256 8zm0 110c23.196 0 42 18.804 42 42s-18.804 42-42 42-42-18.804-42-42 18.804-42 42-42zm56 254c0 6.627-5.373 12-12 12h-88c-6.627 0-12-5.373-12-12v-24c0-6.627 5.373-12 12-12h12v-64h-12c-6.627 0-12-5.373-12-12v-24c0-6.627 5.373-12 12-12h64c6.627 0 12 5.373 12 12v100h12c6.627 0 12 5.373 12 12v24z"
            />
          </svg>
        </div>
        <h4
          class="pf-c-alert__title"
        >
          <span
            class="pf-u-screen-reader"
          >
            Info alert:
          </span>
          To add, reset credentials, or delete service accounts visit the {link}.
        </h4>
        
      </div>
      <div
        class="pf-c-toolbar  ins-c-primary-toolbar"
        data-ouia-component-id="PrimaryToolbar"
        data-ouia-component-type="PF4/Toolbar"
        data-ouia-safe="true"
        id="ins-primary-data-toolbar"
      >
        <div
          class="pf-c-toolbar__content"
        >
          <div
            class="pf-c-toolbar__content-section"
          >
            <div
              class="pf-c-toolbar__group pf-m-filter-group ins-c-primary-toolbar__group-filter pf-m-spacer-md pf-m-space-items-lg"
            >
              <div
                class="pf-c-toolbar__item"
              >
                <div
                  class="pf-c-dropdown ins-c-bulk-select"
                  data-ouia-component-id="BulkSelect"
                  data-ouia-component-type="PF4/Dropdown"
                  data-ouia-safe="true"
                >
                  <div
                    class="pf-c-dropdown__toggle pf-m-split-button"
                  >
                    <label
                      class="pf-c-dropdown__toggle-check"
                      for="group-accounts-toggle-checkbox"
                    >
                      <input
                        aria-invalid="false"
                        aria-label="Select all"
                        data-ouia-component-id="BulkSelect"
                        data-ouia-component-type="PF4/DropdownToggleCheckbox"
                        data-ouia-safe="true"
                        id="group-accounts-toggle-checkbox"
                        type="checkbox"
                      />
                      
                    </label>
                    <button
                      aria-expanded="false"
                      aria-haspopup="true"
                      aria-label="Select"
                      class="pf-c-dropdown__toggle-button"
                      data-ouia-component-id="BulkSelect"
                      data-ouia-component-type="PF4/DropdownToggle"
                      data-ouia-safe="true"
                      id="pf-dropdown-toggle-id-0"
                      type="button"
                    >
                      <span
                        class=""
                      >
                        <svg
                          aria-hidden="true"
                          fill="currentColor"
                          height="1em"
                          role="img"
                          style="vertical-align: -0.125em;"
                          viewBox="0 0 320 512"
                          width="1em"
                        >
                          <path
                            d="M31.3 192h257.3c17.8 0 26.7 21.5 14.1 34.1L174.1 354.8c-7.8 7.8-20.5 7.8-28.3 0L17.2 226.1C4.6 213.5 13.5 192 31.3 192z"
                          />
                        </svg>
                      </span>
                    </button>
                  </div>
                </div>
              </div>
              <div
                class="pf-c-toolbar__item ins-c-primary-toolbar__filter"
              >
                <div
                  class="pf-l-split ins-c-conditional-filter desktop"
                >
                  <div
                    class="pf-l-split__item"
                  >
                    <div
                      class="pf-c-dropdown ins-c-conditional-filter__group"
                      data-ouia-component-id="ConditionalFilter"
                      data-ouia-component-type="PF4/Dropdown"
                      data-ouia-safe="true"
                    >
                      <button
                        aria-expanded="false"
                        aria-haspopup="true"
                        aria-label="Conditional filter"
                        class="pf-c-dropdown__toggle"
                        data-ouia-component-id="ConditionalFilter"
                        data-ouia-component-type="PF4/DropdownToggle"
                        data-ouia-safe="true"
                        id="pf-dropdown-toggle-id-1"
                        type="button"
                      >
                        <span
                          class="pf-c-dropdown__toggle-text"
                        >
                          <svg
                            aria-hidden="true"
                            fill="currentColor"
                            height="1em"
                            role="img"
                            style="vertical-align: -0.125em;"
                            viewBox="0 0 512 512"
                            width="1em"
                          >
                            <path
                              d="M487.976 0H24.028C2.71 0-8.047 25.866 7.058 40.971L192 225.941V432c0 7.831 3.821 15.17 10.237 19.662l80 55.98C298.02 518.69 320 507.493 320 487.98V225.941l184.947-184.97C520.021 25.896 509.338 0 487.976 0z"
                            />
                          </svg>
                          <span
                            class="ins-c-conditional-filter__value-selector"
                          >
                            Description
                          </span>
                        </span>
                        <span
                          class="pf-c-dropdown__toggle-icon"
                        >
                          <svg
                            aria-hidden="true"
                            fill="currentColor"
                            height="1em"
                            role="img"
                            style="vertical-align: -0.125em;"
                            viewBox="0 0 320 512"
                            width="1em"
                          >
                            <path
                              d="M31.3 192h257.3c17.8 0 26.7 21.5 14.1 34.1L174.1 354.8c-7.8 7.8-20.5 7.8-28.3 0L17.2 226.1C4.6 213.5 13.5 192 31.3 192z"
                            />
                          </svg>
                        </span>
                      </button>
                    </div>
                  </div>
                  <div
                    class="pf-l-split__item pf-m-fill"
                  >
                    <input
                      aria-invalid="false"
                      aria-label="text input"
                      class="pf-c-form-control ins-c-conditional-filter "
                      data-ouia-component-id="ConditionalFilter"
                      data-ouia-component-type="PF4/TextInput"
                      data-ouia-safe="true"
                      disabled=""
                      id="filter-by-description"
                      placeholder="Filter by {key}"
                      type="text"
                      value=""
                      widget-type="InsightsInput"
                    />
                    <svg
                      aria-hidden="true"
                      class="ins-c-search-icon"
                      fill="currentColor"
                      height="1em"
                      role="img"
                      style="vertical-align: -0.125em;"
                      viewBox="0 0 512 512"
                      width="1em"
                    >
                      <path
                        d="M505 442.7L405.3 343c-4.5-4.5-10.6-7-17-7H372c27.6-35.3 44-79.7 44-128C416 93.1 322.9 0 208 0S0 93.1 0 208s93.1 208 208 208c48.3 0 92.7-16.4 128-44v16.3c0 6.4 2.5 12.5 7 17l99.7 99.7c9.4 9.4 24.6 9.4 33.9 0l28.3-28.3c9.4-9.4 9.4-24.6.1-34zM208 336c-70.7 0-128-57.2-128-128 0-70.7 57.2-128 128-128 70.7 0 128 57.2 128 128 0 70.7-57.2 128-128 128z"
                      />
                    </svg>
                  </div>
                </div>
              </div>
            </div>
            <div
              class="pf-c-toolbar__item ins-c-primary-toolbar__first-action pf-m-spacer-sm"
            >
              <span>
                <a
                  class="rbac-m-hide-on-sm"
                  href="/iam/user-access/groups/detail/123/service-accounts/add-service-account"
                >
                  <button
                    aria-disabled="false"
                    aria-label="Add service account"
                    class="pf-c-button pf-m-primary rbac-m-hide-on-sm"
                    data-ouia-component-id="add-service-account-button"
                    data-ouia-component-type="PF4/Button"
                    data-ouia-safe="true"
                    type="button"
                  >
                    Add service account
                  </button>
                </a>
              </span>
            </div>
            <div
              class="pf-c-toolbar__item  ins-c-primary-toolbar__actions pf-m-spacer-sm"
            >
              <div
                class="pf-c-dropdown"
                data-ouia-component-id="Actions"
                data-ouia-component-type="PF4/Dropdown"
                data-ouia-safe="true"
              >
                <button
                  aria-expanded="false"
                  aria-haspopup="true"
                  aria-label="Actions"
                  class="pf-c-dropdown__toggle pf-m-plain"
                  id="pf-dropdown-toggle-id-2"
                  type="button"
                >
                  <svg
                    aria-hidden="true"
                    fill="currentColor"
                    height="1em"
                    role="img"
                    style="vertical-align: -0.125em;"
                    viewBox="0 0 192 512"
                    width="1em"
                  >
                    <path
                      d="M96 184c39.8 0 72 32.2 72 72s-32.2 72-72 72-72-32.2-72-72 32.2-72 72-72zM24 80c0 39.8 32.2 72 72 72s72-32.2 72-72S135.8 8 96 8 24 40.2 24 80zm0 352c0 39.8 32.2 72 72 72s72-32.2 72-72-32.2-72-72-72-72 32.2-72 72z"
                    />
                  </svg>
                </button>
              </div>
            </div>
          </div>
          <div
            class="pf-c-toolbar__expandable-content"
            id="ins-primary-data-toolbar-expandable-content-0"
          >
            <div
              class="pf-c-toolbar__group"
            />
          </div>
        </div>
        <div
          class="pf-c-toolbar__content pf-m-hidden"
          hidden=""
        >
          <div
            class="pf-c-toolbar__group"
          />
        </div>
      </div>
      <ul
        aria-label="datalist-placeholder"
        class="pf-c-data-list pf-m-grid-md"
      >
        <li
          aria-labelledby="datalist-item-placeholder"
          class="pf-c-data-list__item"
          id=""
        >
          <div
            aria-label="datalist-item-placeholder-row"
            class="pf-c-data-list__item-row"
          >
            <div
              class="pf-c-data-list__item-content"
            >
              <div
                class="pf-c-data-list__cell"
              >
                <div
                  class="pf-c-skeleton ins-c-skeleton ins-c-skeleton__lg"
                >
                  <span
                    class="pf-u-screen-reader"
                  />
                </div>
              </div>
            </div>
          </div>
        </li>
        <li
          aria-labelledby="datalist-item-placeholder"
          class="pf-c-data-list__item"
          id=""
        >
          <div
            aria-label="datalist-item-placeholder-row"
            class="pf-c-data-list__item-row"
          >
            <div
              class="pf-c-data-list__item-content"
            >
              <div
                class="pf-c-data-list__cell"
              >
                <div
                  class="pf-c-skeleton ins-c-skeleton ins-c-skeleton__lg"
                >
                  <span
                    class="pf-u-screen-reader"
                  />
                </div>
              </div>
            </div>
          </div>
        </li>
        <li
          aria-labelledby="datalist-item-placeholder"
          class="pf-c-data-list__item"
          id=""
        >
          <div
            aria-label="datalist-item-placeholder-row"
            class="pf-c-data-list__item-row"
          >
            <div
              class="pf-c-data-list__item-content"
            >
              <div
                class="pf-c-data-list__cell"
              >
                <div
                  class="pf-c-skeleton ins-c-skeleton ins-c-skeleton__lg"
                >
                  <span
                    class="pf-u-screen-reader"
                  />
                </div>
              </div>
            </div>
          </div>
        </li>
        <li
          aria-labelledby="datalist-item-placeholder"
          class="pf-c-data-list__item"
          id=""
        >
          <div
            aria-label="datalist-item-placeholder-row"
            class="pf-c-data-list__item-row"
          >
            <div
              class="pf-c-data-list__item-content"
            >
              <div
                class="pf-c-data-list__cell"
              >
                <div
                  class="pf-c-skeleton ins-c-skeleton ins-c-skeleton__lg"
                >
                  <span
                    class="pf-u-screen-reader"
                  />
                </div>
              </div>
            </div>
          </div>
        </li>
        <li
          aria-labelledby="datalist-item-placeholder"
          class="pf-c-data-list__item"
          id=""
        >
          <div
            aria-label="datalist-item-placeholder-row"
            class="pf-c-data-list__item-row"
          >
            <div
              class="pf-c-data-list__item-content"
            >
              <div
                class="pf-c-data-list__cell"
              >
                <div
                  class="pf-c-skeleton ins-c-skeleton ins-c-skeleton__lg"
                >
                  <span
                    class="pf-u-screen-reader"
                  />
                </div>
              </div>
            </div>
          </div>
        </li>
        <li
          aria-labelledby="datalist-item-placeholder"
          class="pf-c-data-list__item"
          id=""
        >
          <div
            aria-label="datalist-item-placeholder-row"
            class="pf-c-data-list__item-row"
          >
            <div
              class="pf-c-data-list__item-content"
            >
              <div
                class="pf-c-data-list__cell"
              >
                <div
                  class="pf-c-skeleton ins-c-skeleton ins-c-skeleton__lg"
                >
                  <span
                    class="pf-u-screen-reader"
                  />
                </div>
              </div>
            </div>
          </div>
        </li>
        <li
          aria-labelledby="datalist-item-placeholder"
          class="pf-c-data-list__item"
          id=""
        >
          <div
            aria-label="datalist-item-placeholder-row"
            class="pf-c-data-list__item-row"
          >
            <div
              class="pf-c-data-list__item-content"
            >
              <div
                class="pf-c-data-list__cell"
              >
                <div
                  class="pf-c-skeleton ins-c-skeleton ins-c-skeleton__lg"
                >
                  <span
                    class="pf-u-screen-reader"
                  />
                </div>
              </div>
            </div>
          </div>
        </li>
        <li
          aria-labelledby="datalist-item-placeholder"
          class="pf-c-data-list__item"
          id=""
        >
          <div
            aria-label="datalist-item-placeholder-row"
            class="pf-c-data-list__item-row"
          >
            <div
              class="pf-c-data-list__item-content"
            >
              <div
                class="pf-c-data-list__cell"
              >
                <div
                  class="pf-c-skeleton ins-c-skeleton ins-c-skeleton__lg"
                >
                  <span
                    class="pf-u-screen-reader"
                  />
                </div>
              </div>
            </div>
          </div>
        </li>
        <li
          aria-labelledby="datalist-item-placeholder"
          class="pf-c-data-list__item"
          id=""
        >
          <div
            aria-label="datalist-item-placeholder-row"
            class="pf-c-data-list__item-row"
          >
            <div
              class="pf-c-data-list__item-content"
            >
              <div
                class="pf-c-data-list__cell"
              >
                <div
                  class="pf-c-skeleton ins-c-skeleton ins-c-skeleton__lg"
                >
                  <span
                    class="pf-u-screen-reader"
                  />
                </div>
              </div>
            </div>
          </div>
        </li>
        <li
          aria-labelledby="datalist-item-placeholder"
          class="pf-c-data-list__item"
          id=""
        >
          <div
            aria-label="datalist-item-placeholder-row"
            class="pf-c-data-list__item-row"
          >
            <div
              class="pf-c-data-list__item-content"
            >
              <div
                class="pf-c-data-list__cell"
              >
                <div
                  class="pf-c-skeleton ins-c-skeleton ins-c-skeleton__lg"
                >
                  <span
                    class="pf-u-screen-reader"
                  />
                </div>
              </div>
            </div>
          </div>
        </li>
        <li
          aria-labelledby="datalist-item-placeholder"
          class="pf-c-data-list__item"
          id=""
        >
          <div
            aria-label="datalist-item-placeholder-row"
            class="pf-c-data-list__item-row"
          >
            <div
              class="pf-c-data-list__item-content"
            >
              <div
                class="pf-c-data-list__cell"
              >
                <div
                  class="pf-c-skeleton ins-c-skeleton ins-c-skeleton__lg"
                >
                  <span
                    class="pf-u-screen-reader"
                  />
                </div>
              </div>
            </div>
          </div>
        </li>
        <li
          aria-labelledby="datalist-item-placeholder"
          class="pf-c-data-list__item"
          id=""
        >
          <div
            aria-label="datalist-item-placeholder-row"
            class="pf-c-data-list__item-row"
          >
            <div
              class="pf-c-data-list__item-content"
            >
              <div
                class="pf-c-data-list__cell"
              >
                <div
                  class="pf-c-skeleton ins-c-skeleton ins-c-skeleton__lg"
                >
                  <span
                    class="pf-u-screen-reader"
                  />
                </div>
              </div>
            </div>
          </div>
        </li>
        <li
          aria-labelledby="datalist-item-placeholder"
          class="pf-c-data-list__item"
          id=""
        >
          <div
            aria-label="datalist-item-placeholder-row"
            class="pf-c-data-list__item-row"
          >
            <div
              class="pf-c-data-list__item-content"
            >
              <div
                class="pf-c-data-list__cell"
              >
                <div
                  class="pf-c-skeleton ins-c-skeleton ins-c-skeleton__lg"
                >
                  <span
                    class="pf-u-screen-reader"
                  />
                </div>
              </div>
            </div>
          </div>
        </li>
        <li
          aria-labelledby="datalist-item-placeholder"
          class="pf-c-data-list__item"
          id=""
        >
          <div
            aria-label="datalist-item-placeholder-row"
            class="pf-c-data-list__item-row"
          >
            <div
              class="pf-c-data-list__item-content"
            >
              <div
                class="pf-c-data-list__cell"
              >
                <div
                  class="pf-c-skeleton ins-c-skeleton ins-c-skeleton__lg"
                >
                  <span
                    class="pf-u-screen-reader"
                  />
                </div>
              </div>
            </div>
          </div>
        </li>
        <li
          aria-labelledby="datalist-item-placeholder"
          class="pf-c-data-list__item"
          id=""
        >
          <div
            aria-label="datalist-item-placeholder-row"
            class="pf-c-data-list__item-row"
          >
            <div
              class="pf-c-data-list__item-content"
            >
              <div
                class="pf-c-data-list__cell"
              >
                <div
                  class="pf-c-skeleton ins-c-skeleton ins-c-skeleton__lg"
                >
                  <span
                    class="pf-u-screen-reader"
                  />
                </div>
              </div>
            </div>
          </div>
        </li>
        <li
          aria-labelledby="datalist-item-placeholder"
          class="pf-c-data-list__item"
          id=""
        >
          <div
            aria-label="datalist-item-placeholder-row"
            class="pf-c-data-list__item-row"
          >
            <div
              class="pf-c-data-list__item-content"
            >
              <div
                class="pf-c-data-list__cell"
              >
                <div
                  class="pf-c-skeleton ins-c-skeleton ins-c-skeleton__lg"
                >
                  <span
                    class="pf-u-screen-reader"
                  />
                </div>
              </div>
            </div>
          </div>
        </li>
        <li
          aria-labelledby="datalist-item-placeholder"
          class="pf-c-data-list__item"
          id=""
        >
          <div
            aria-label="datalist-item-placeholder-row"
            class="pf-c-data-list__item-row"
          >
            <div
              class="pf-c-data-list__item-content"
            >
              <div
                class="pf-c-data-list__cell"
              >
                <div
                  class="pf-c-skeleton ins-c-skeleton ins-c-skeleton__lg"
                >
                  <span
                    class="pf-u-screen-reader"
                  />
                </div>
              </div>
            </div>
          </div>
        </li>
        <li
          aria-labelledby="datalist-item-placeholder"
          class="pf-c-data-list__item"
          id=""
        >
          <div
            aria-label="datalist-item-placeholder-row"
            class="pf-c-data-list__item-row"
          >
            <div
              class="pf-c-data-list__item-content"
            >
              <div
                class="pf-c-data-list__cell"
              >
                <div
                  class="pf-c-skeleton ins-c-skeleton ins-c-skeleton__lg"
                >
                  <span
                    class="pf-u-screen-reader"
                  />
                </div>
              </div>
            </div>
          </div>
        </li>
        <li
          aria-labelledby="datalist-item-placeholder"
          class="pf-c-data-list__item"
          id=""
        >
          <div
            aria-label="datalist-item-placeholder-row"
            class="pf-c-data-list__item-row"
          >
            <div
              class="pf-c-data-list__item-content"
            >
              <div
                class="pf-c-data-list__cell"
              >
                <div
                  class="pf-c-skeleton ins-c-skeleton ins-c-skeleton__lg"
                >
                  <span
                    class="pf-u-screen-reader"
                  />
                </div>
              </div>
            </div>
          </div>
        </li>
        <li
          aria-labelledby="datalist-item-placeholder"
          class="pf-c-data-list__item"
          id=""
        >
          <div
            aria-label="datalist-item-placeholder-row"
            class="pf-c-data-list__item-row"
          >
            <div
              class="pf-c-data-list__item-content"
            >
              <div
                class="pf-c-data-list__cell"
              >
                <div
                  class="pf-c-skeleton ins-c-skeleton ins-c-skeleton__lg"
                >
                  <span
                    class="pf-u-screen-reader"
                  />
                </div>
              </div>
            </div>
          </div>
        </li>
      </ul>
      <div
        class="pf-c-toolbar ins-c-table__toolbar"
        data-ouia-component-id="OUIA-Generated-RHI/TableToolbar-true-1"
        data-ouia-component-type="RHI/TableToolbar"
        data-ouia-safe="true"
        id="pf-random-id-0"
      >
        <div
          class="pf-c-toolbar__content pf-m-hidden"
          hidden=""
        >
          <div
            class="pf-c-toolbar__group"
          />
        </div>
      </div>
       
    </section>
  </div>
</body>
`;
