// Jest Snapshot v1, https://goo.gl/fbAQLP

exports[`<GroupServiceAccounts /> should render correctly 1`] = `
<body>
  <div>
    <section
      class="ins-l-content"
      id="tab-service-accounts"
    >
       
      <div
        aria-label="Info Alert"
        class="pf-c-alert pf-m-inline pf-m-plain pf-m-info rbac-service-accounts-alert"
        data-ouia-component-id="OUIA-Generated-Alert-info-1"
        data-ouia-component-type="PF4/Alert"
        data-ouia-safe="true"
      >
        <div
          class="pf-c-alert__icon"
        >
          <svg
            aria-hidden="true"
            fill="currentColor"
            height="1em"
            role="img"
            style="vertical-align: -0.125em;"
            viewBox="0 0 512 512"
            width="1em"
          >
            <path
              d="M256 8C119.043 8 8 119.083 8 256c0 136.997 111.043 248 248 248s248-111.003 248-248C504 119.083 392.957 8 256 8zm0 110c23.196 0 42 18.804 42 42s-18.804 42-42 42-42-18.804-42-42 18.804-42 42-42zm56 254c0 6.627-5.373 12-12 12h-88c-6.627 0-12-5.373-12-12v-24c0-6.627 5.373-12 12-12h12v-64h-12c-6.627 0-12-5.373-12-12v-24c0-6.627 5.373-12 12-12h64c6.627 0 12 5.373 12 12v100h12c6.627 0 12 5.373 12 12v24z"
            />
          </svg>
        </div>
        <h4
          class="pf-c-alert__title"
        >
          <span
            class="pf-u-screen-reader"
          >
            Info alert:
          </span>
          To add, reset credentials, or delete service accounts visit the {link}.
        </h4>
        
      </div>
      <div
        class="pf-c-empty-state pf-m-sm"
      >
        <div
          class="pf-c-empty-state__content"
        >
          <svg
            aria-hidden="true"
            class="pf-c-empty-state__icon"
            fill="currentColor"
            height="1em"
            role="img"
            style="vertical-align: -0.125em;"
            viewBox="0 0 512 512"
            width="1em"
          >
            <path
              d="M256 8C119 8 8 119 8 256s111 248 248 248 248-111 248-248S393 8 256 8zm144 276c0 6.6-5.4 12-12 12h-92v92c0 6.6-5.4 12-12 12h-56c-6.6 0-12-5.4-12-12v-92h-92c-6.6 0-12-5.4-12-12v-56c0-6.6 5.4-12 12-12h92v-92c0-6.6 5.4-12 12-12h56c6.6 0 12 5.4 12 12v92h92c6.6 0 12 5.4 12 12v56z"
            />
          </svg>
          <h4
            class="pf-c-title pf-m-lg"
            data-ouia-component-id="OUIA-Generated-Title-1"
            data-ouia-component-type="PF4/Title"
            data-ouia-safe="true"
          >
            There are no service accounts in this group
          </h4>
          <div
            class="pf-c-empty-state__body pf-u-mb-md"
          >
            Add service accounts you wish to associate with this User Access group
             
            <br />
            
             
            <br />
          </div>
          <span>
            <a
              class="rbac-m-hide-on-sm"
              href="/iam/user-access/groups/detail/123/service-accounts/add-service-account"
            >
              <button
                aria-disabled="false"
                aria-label="Add service account"
                class="pf-c-button pf-m-primary rbac-m-hide-on-sm"
                data-ouia-component-id="add-service-account-button"
                data-ouia-component-type="PF4/Button"
                data-ouia-safe="true"
                type="button"
              >
                Add service account
              </button>
            </a>
          </span>
        </div>
      </div>
       
    </section>
  </div>
</body>
`;
