// Jest Snapshot v1, https://goo.gl/fbAQLP

exports[`<SetUsers /> should render correctly 1`] = `
<ContextProvider
  value={
    Object {
      "store": Object {
        "clearActions": [Function],
        "dispatch": [Function],
        "getActions": [Function],
        "getState": [Function],
        "replaceReducer": [Function],
        "subscribe": [Function],
      },
      "subscription": Subscription {
        "handleChangeWrapper": [Function],
        "listeners": Object {
          "notify": [Function],
        },
        "onStateChange": [Function],
        "parentSub": undefined,
        "store": Object {
          "clearActions": [Function],
          "dispatch": [Function],
          "getActions": [Function],
          "getState": [Function],
          "replaceReducer": [Function],
          "subscribe": [Function],
        },
        "unsubscribe": null,
      },
    }
  }
>
  <MemoryRouter
    initialEntries={
      Array [
        "/groups/",
        "/groups/add-group/",
        "/groups/",
      ]
    }
    initialIndex={1}
  >
    <SetUsers
      createOption={[MockFunction]}
      optionIdx={0}
      selectedUsers={Array []}
      setGroupData={[MockFunction]}
      setOptionIdx={[MockFunction]}
      setSelectedUsers={[MockFunction]}
    />
  </MemoryRouter>
</ContextProvider>
`;
