// Jest Snapshot v1, https://goo.gl/fbAQLP

exports[`<ActiveUsers /> should render correctly 1`] = `
<Text
  className="pf-u-mt-0"
>
  These are all of the users in your Red Hat organization. 
</Text>
`;

exports[`<ActiveUsers /> should render correctly with link description 1`] = `
<Text
  className="pf-u-mt-0"
>
  These are all of the users in your Red Hat organization. 
</Text>
`;

exports[`<ActiveUsers /> should render correctly with link title 1`] = `
<Text
  className="pf-u-mt-0"
>
  These are all of the users in your Red Hat organization. 
</Text>
`;
