// Jest Snapshot v1, https://goo.gl/fbAQLP

exports[`<MUAPageSection /> should render correctly 1`] = `
<MUAPageSection
  description="test description"
  title="test title"
>
  <section
    className="ins-l-myUserAccess-section"
  >
    <Stack
      hasGutter={true}
    >
      <div
        className="pf-l-stack pf-m-gutter"
      >
        <StackItem>
          <div
            className="pf-l-stack__item"
          >
            <Title
              headingLevel="h2"
              size="2xl"
            >
              <h2
                className="pf-c-title pf-m-2xl"
              >
                test title
              </h2>
            </Title>
            <p>
               
              test description
            </p>
          </div>
        </StackItem>
        <StackItem>
          <div
            className="pf-l-stack__item"
          >
             
            <span>
               test children 
            </span>
             
          </div>
        </StackItem>
      </div>
    </Stack>
  </section>
</MUAPageSection>
`;
