// Jest Snapshot v1, https://goo.gl/fbAQLP

exports[`<StatusLabel /> should render correctly 1`] = `<div />`;

exports[`<StatusLabel /> should render correctly as admin 1`] = `
<div>
  <div
    style="display: contents;"
  >
    <span
      class="pf-v5-c-label pf-m-purple"
    >
      <span
        class="pf-v5-c-label__content"
      >
        <span
          class="pf-v5-c-label__text"
        >
           
          Org. Administrator
           
        </span>
      </span>
    </span>
  </div>
</div>
`;
